Archive member included to satisfy reference by file (symbol)

D:/MXtools/arm/13.3 rel1/bin/../lib/gcc/arm-none-eabi/13.3.1/thumb/v7-m/nofp\libg.a(libc_a-exit.o)
                              D:/MXtools/arm/13.3 rel1/bin/../lib/gcc/arm-none-eabi/13.3.1/thumb/v7-m/nofp/crt0.o (exit)
D:/MXtools/arm/13.3 rel1/bin/../lib/gcc/arm-none-eabi/13.3.1/thumb/v7-m/nofp\libg.a(libc_a-findfp.o)
                              D:/MXtools/arm/13.3 rel1/bin/../lib/gcc/arm-none-eabi/13.3.1/thumb/v7-m/nofp\libg.a(libc_a-exit.o) (__stdio_exit_handler)
D:/MXtools/arm/13.3 rel1/bin/../lib/gcc/arm-none-eabi/13.3.1/thumb/v7-m/nofp\libg.a(libc_a-fwalk.o)
                              D:/MXtools/arm/13.3 rel1/bin/../lib/gcc/arm-none-eabi/13.3.1/thumb/v7-m/nofp\libg.a(libc_a-findfp.o) (_fwalk_sglue)
D:/MXtools/arm/13.3 rel1/bin/../lib/gcc/arm-none-eabi/13.3.1/thumb/v7-m/nofp\libg.a(libc_a-stdio.o)
                              D:/MXtools/arm/13.3 rel1/bin/../lib/gcc/arm-none-eabi/13.3.1/thumb/v7-m/nofp\libg.a(libc_a-findfp.o) (__sread)
D:/MXtools/arm/13.3 rel1/bin/../lib/gcc/arm-none-eabi/13.3.1/thumb/v7-m/nofp\libg.a(libc_a-memset.o)
                              D:/MXtools/arm/13.3 rel1/bin/../lib/gcc/arm-none-eabi/13.3.1/thumb/v7-m/nofp/crt0.o (memset)
D:/MXtools/arm/13.3 rel1/bin/../lib/gcc/arm-none-eabi/13.3.1/thumb/v7-m/nofp\libg.a(libc_a-closer.o)
                              D:/MXtools/arm/13.3 rel1/bin/../lib/gcc/arm-none-eabi/13.3.1/thumb/v7-m/nofp\libg.a(libc_a-stdio.o) (_close_r)
D:/MXtools/arm/13.3 rel1/bin/../lib/gcc/arm-none-eabi/13.3.1/thumb/v7-m/nofp\libg.a(libc_a-reent.o)
                              D:/MXtools/arm/13.3 rel1/bin/../lib/gcc/arm-none-eabi/13.3.1/thumb/v7-m/nofp\libg.a(libc_a-closer.o) (errno)
D:/MXtools/arm/13.3 rel1/bin/../lib/gcc/arm-none-eabi/13.3.1/thumb/v7-m/nofp\libg.a(libc_a-impure.o)
                              D:/MXtools/arm/13.3 rel1/bin/../lib/gcc/arm-none-eabi/13.3.1/thumb/v7-m/nofp\libg.a(libc_a-reent.o) (_impure_ptr)
D:/MXtools/arm/13.3 rel1/bin/../lib/gcc/arm-none-eabi/13.3.1/thumb/v7-m/nofp\libg.a(libc_a-lseekr.o)
                              D:/MXtools/arm/13.3 rel1/bin/../lib/gcc/arm-none-eabi/13.3.1/thumb/v7-m/nofp\libg.a(libc_a-stdio.o) (_lseek_r)
D:/MXtools/arm/13.3 rel1/bin/../lib/gcc/arm-none-eabi/13.3.1/thumb/v7-m/nofp\libg.a(libc_a-readr.o)
                              D:/MXtools/arm/13.3 rel1/bin/../lib/gcc/arm-none-eabi/13.3.1/thumb/v7-m/nofp\libg.a(libc_a-stdio.o) (_read_r)
D:/MXtools/arm/13.3 rel1/bin/../lib/gcc/arm-none-eabi/13.3.1/thumb/v7-m/nofp\libg.a(libc_a-writer.o)
                              D:/MXtools/arm/13.3 rel1/bin/../lib/gcc/arm-none-eabi/13.3.1/thumb/v7-m/nofp\libg.a(libc_a-stdio.o) (_write_r)
D:/MXtools/arm/13.3 rel1/bin/../lib/gcc/arm-none-eabi/13.3.1/thumb/v7-m/nofp\libg.a(libc_a-errno.o)
                              CMakeFiles/FourRotorDrone.elf.dir/Core/Src/syscalls.c.obj (__errno)
D:/MXtools/arm/13.3 rel1/bin/../lib/gcc/arm-none-eabi/13.3.1/thumb/v7-m/nofp\libg.a(libc_a-init.o)
                              D:/MXtools/arm/13.3 rel1/bin/../lib/gcc/arm-none-eabi/13.3.1/thumb/v7-m/nofp/crt0.o (__libc_init_array)
D:/MXtools/arm/13.3 rel1/bin/../lib/gcc/arm-none-eabi/13.3.1/thumb/v7-m/nofp\libg.a(libc_a-lock.o)
                              D:/MXtools/arm/13.3 rel1/bin/../lib/gcc/arm-none-eabi/13.3.1/thumb/v7-m/nofp\libg.a(libc_a-findfp.o) (__retarget_lock_init_recursive)
D:/MXtools/arm/13.3 rel1/bin/../lib/gcc/arm-none-eabi/13.3.1/thumb/v7-m/nofp\libg.a(libc_a-__call_atexit.o)
                              D:/MXtools/arm/13.3 rel1/bin/../lib/gcc/arm-none-eabi/13.3.1/thumb/v7-m/nofp\libg.a(libc_a-exit.o) (__call_exitprocs)
D:/MXtools/arm/13.3 rel1/bin/../lib/gcc/arm-none-eabi/13.3.1/thumb/v7-m/nofp\libg.a(libc_a-atexit.o)
                              D:/MXtools/arm/13.3 rel1/bin/../lib/gcc/arm-none-eabi/13.3.1/thumb/v7-m/nofp\libg.a(libc_a-__call_atexit.o) (atexit)
D:/MXtools/arm/13.3 rel1/bin/../lib/gcc/arm-none-eabi/13.3.1/thumb/v7-m/nofp\libg.a(libc_a-freer.o)
                              D:/MXtools/arm/13.3 rel1/bin/../lib/gcc/arm-none-eabi/13.3.1/thumb/v7-m/nofp\libg.a(libc_a-reent.o) (_free_r)
D:/MXtools/arm/13.3 rel1/bin/../lib/gcc/arm-none-eabi/13.3.1/thumb/v7-m/nofp\libg.a(libc_a-mallocr.o)
                              D:/MXtools/arm/13.3 rel1/bin/../lib/gcc/arm-none-eabi/13.3.1/thumb/v7-m/nofp\libg.a(libc_a-findfp.o) (_malloc_r)
D:/MXtools/arm/13.3 rel1/bin/../lib/gcc/arm-none-eabi/13.3.1/thumb/v7-m/nofp\libg.a(libc_a-mlock.o)
                              D:/MXtools/arm/13.3 rel1/bin/../lib/gcc/arm-none-eabi/13.3.1/thumb/v7-m/nofp\libg.a(libc_a-freer.o) (__malloc_lock)
D:/MXtools/arm/13.3 rel1/bin/../lib/gcc/arm-none-eabi/13.3.1/thumb/v7-m/nofp\libg.a(libc_a-fclose.o)
                              D:/MXtools/arm/13.3 rel1/bin/../lib/gcc/arm-none-eabi/13.3.1/thumb/v7-m/nofp\libg.a(libc_a-findfp.o) (_fclose_r)
D:/MXtools/arm/13.3 rel1/bin/../lib/gcc/arm-none-eabi/13.3.1/thumb/v7-m/nofp\libg.a(libc_a-fflush.o)
[...]
Memory Configuration

Name             Origin             Length             Attributes
RAM              0x20000000         0x00005000         xrw
FLASH            0x08000000         0x00010000         xr
*default*        0x00000000         0xffffffff

Linker script and memory map

LOAD D:/MXtools/arm/13.3 rel1/bin/../lib/gcc/arm-none-eabi/13.3.1/thumb/v7-m/nofp/crti.o
LOAD D:/MXtools/arm/13.3 rel1/bin/../lib/gcc/arm-none-eabi/13.3.1/thumb/v7-m/nofp/crtbegin.o
LOAD D:/MXtools/arm/13.3 rel1/bin/../lib/gcc/arm-none-eabi/13.3.1/thumb/v7-m/nofp/crt0.o
LOAD CMakeFiles/FourRotorDrone.elf.dir/Core/Src/gpio.c.obj
LOAD CMakeFiles/FourRotorDrone.elf.dir/Core/Src/main.c.obj
LOAD CMakeFiles/FourRotorDrone.elf.dir/Core/Src/rtc.c.obj
LOAD CMakeFiles/FourRotorDrone.elf.dir/Core/Src/stm32f1xx_hal_msp.c.obj
LOAD CMakeFiles/FourRotorDrone.elf.dir/Core/Src/stm32f1xx_it.c.obj
LOAD CMakeFiles/FourRotorDrone.elf.dir/Core/Src/syscalls.c.obj
LOAD CMakeFiles/FourRotorDrone.elf.dir/Core/Src/sysmem.c.obj
LOAD CMakeFiles/FourRotorDrone.elf.dir/Core/Src/system_stm32f1xx.c.obj
LOAD CMakeFiles/FourRotorDrone.elf.dir/Core/Src/tim.c.obj
LOAD CMakeFiles/FourRotorDrone.elf.dir/Core/Startup/startup_stm32f103c8tx.s.obj
LOAD CMakeFiles/FourRotorDrone.elf.dir/Drivers/STM32F1xx_HAL_Driver/Src/stm32f1xx_hal.c.obj
LOAD CMakeFiles/FourRotorDrone.elf.dir/Drivers/STM32F1xx_HAL_Driver/Src/stm32f1xx_hal_cortex.c.obj
LOAD CMakeFiles/FourRotorDrone.elf.dir/Drivers/STM32F1xx_HAL_Driver/Src/stm32f1xx_hal_dma.c.obj
LOAD CMakeFiles/FourRotorDrone.elf.dir/Drivers/STM32F1xx_HAL_Driver/Src/stm32f1xx_hal_exti.c.obj
LOAD CMakeFiles/FourRotorDrone.elf.dir/Drivers/STM32F1xx_HAL_Driver/Src/stm32f1xx_hal_flash.c.obj
LOAD CMakeFiles/FourRotorDrone.elf.dir/Drivers/STM32F1xx_HAL_Driver/Src/stm32f1xx_hal_flash_ex.c.obj
LOAD CMakeFiles/FourRotorDrone.elf.dir/Drivers/STM32F1xx_HAL_Driver/Src/stm32f1xx_hal_gpio.c.obj
LOAD CMakeFiles/FourRotorDrone.elf.dir/Drivers/STM32F1xx_HAL_Driver/Src/stm32f1xx_hal_gpio_ex.c.obj
LOAD CMakeFiles/FourRotorDrone.elf.dir/Drivers/STM32F1xx_HAL_Driver/Src/stm32f1xx_hal_pwr.c.obj
LOAD CMakeFiles/FourRotorDrone.elf.dir/Drivers/STM32F1xx_HAL_Driver/Src/stm32f1xx_hal_rcc.c.obj
LOAD CMakeFiles/FourRotorDrone.elf.dir/Drivers/STM32F1xx_HAL_Driver/Src/stm32f1xx_hal_rcc_ex.c.obj
LOAD CMakeFiles/FourRotorDrone.elf.dir/Drivers/STM32F1xx_HAL_Driver/Src/stm32f1xx_hal_rtc.c.obj
LOAD CMakeFiles/FourRotorDrone.elf.dir/Drivers/STM32F1xx_HAL_Driver/Src/stm32f1xx_hal_rtc_ex.c.obj
LOAD CMakeFiles/FourRotorDrone.elf.dir/Drivers/STM32F1xx_HAL_Driver/Src/stm32f1xx_hal_tim.c.obj
LOAD CMakeFiles/FourRotorDrone.elf.dir/Drivers/STM32F1xx_HAL_Driver/Src/stm32f1xx_hal_tim_ex.c.obj
START GROUP
LOAD D:/MXtools/arm/13.3 rel1/bin/../lib/gcc/arm-none-eabi/13.3.1/thumb/v7-m/nofp\libgcc.a
LOAD D:/MXtools/arm/13.3 rel1/bin/../lib/gcc/arm-none-eabi/13.3.1/thumb/v7-m/nofp\libg.a
LOAD D:/MXtools/arm/13.3 rel1/bin/../lib/gcc/arm-none-eabi/13.3.1/thumb/v7-m/nofp\libc.a
END GROUP
LOAD D:/MXtools/arm/13.3 rel1/bin/../lib/gcc/arm-none-eabi/13.3.1/thumb/v7-m/nofp/crtend.o
LOAD D:/MXtools/arm/13.3 rel1/bin/../lib/gcc/arm-none-eabi/13.3.1/thumb/v7-m/nofp/crtn.o
                0x20005000                        _estack = (ORIGIN (RAM) + LENGTH (RAM))
                0x00000200                        _Min_Heap_Size = 0x200
                0x00000400                        _Min_Stack_Size = 0x400

.isr_vector     0x08000000      0x10c
                0x08000000                        . = ALIGN (0x4)
 *(.isr_vector)
 .isr_vector    0x08000000      0x10c CMakeFiles/FourRotorDrone.elf.dir/Core/Startup/startup_stm32f103c8tx.s.obj
                0x08000000                g_pfnVectors
                0x0800010c                        . = ALIGN (0x4)

.text           0x0800010c     0x16c8
                0x0800010c                        . = ALIGN (0x4)
 *(.text)
 *(.text*)
 .text.deregister_tm_clones
                0x0800010c       0x1c D:/MXtools/arm/13.3 rel1/bin/../lib/gcc/arm-none-eabi/13.3.1/thumb/v7-m/nofp/crtbegin.o
 .text.register_tm_clones
                0x08000128       0x24 D:/MXtools/arm/13.3 rel1/bin/../lib/gcc/arm-none-eabi/13.3.1/thumb/v7-m/nofp/crtbegin.o
 .text.__do_global_dtors_aux
                0x0800014c       0x28 D:/MXtools/arm/13.3 rel1/bin/../lib/gcc/arm-none-eabi/13.3.1/thumb/v7-m/nofp/crtbegin.o
 .text.frame_dummy
                0x08000174       0x24 D:/MXtools/arm/13.3 rel1/bin/../lib/gcc/arm-none-eabi/13.3.1/thumb/v7-m/nofp/crtbegin.o
 .text.MX_GPIO_Init
                0x08000198       0x54 CMakeFiles/FourRotorDrone.elf.dir/Core/Src/gpio.c.obj
                0x08000198                MX_GPIO_Init
 .text.Error_Handler
                0x080001ec        0x4 CMakeFiles/FourRotorDrone.elf.dir/Core/Src/main.c.obj
                0x080001ec                Error_Handler
 .text.SystemClock_Config
                0x080001f0       0x88 CMakeFiles/FourRotorDrone.elf.dir/Core/Src/main.c.obj
                0x080001f0                SystemClock_Config
 .text.main     0x08000278       0x18 CMakeFiles/FourRotorDrone.elf.dir/Core/Src/main.c.obj
                0x08000278                main
 .text.MX_RTC_Init
                0x08000290       0x2c CMakeFiles/FourRotorDrone.elf.dir/Core/Src/rtc.c.obj
                0x08000290                MX_RTC_Init
 .text.HAL_RTC_MspInit
                0x080002bc       0x40 CMakeFiles/FourRotorDrone.elf.dir/Core/Src/rtc.c.obj
                0x080002bc                HAL_RTC_MspInit
 .text.HAL_MspInit
                0x080002fc       0x44 CMakeFiles/FourRotorDrone.elf.dir/Core/Src/stm32f1xx_hal_msp.c.obj
                0x080002fc                HAL_MspInit
 .text.NMI_Handler
                0x08000340        0x2 CMakeFiles/FourRotorDrone.elf.dir/Core/Src/stm32f1xx_it.c.obj
                0x08000340                NMI_Handler
 .text.HardFault_Handler
                0x08000342        0x2 CMakeFiles/FourRotorDrone.elf.dir/Core/Src/stm32f1xx_it.c.obj
                0x08000342                HardFault_Handler
 .text.MemManage_Handler
                0x08000344        0x2 CMakeFiles/FourRotorDrone.elf.dir/Core/Src/stm32f1xx_it.c.obj
                0x08000344                MemManage_Handler
 .text.BusFault_Handler
                0x08000346        0x2 CMakeFiles/FourRotorDrone.elf.dir/Core/Src/stm32f1xx_it.c.obj
                0x08000346                BusFault_Handler
 .text.UsageFault_Handler
                0x08000348        0x2 CMakeFiles/FourRotorDrone.elf.dir/Core/Src/stm32f1xx_it.c.obj
                0x08000348                UsageFault_Handler
 .text.SVC_Handler
                0x0800034a        0x2 CMakeFiles/FourRotorDrone.elf.dir/Core/Src/stm32f1xx_it.c.obj
                0x0800034a                SVC_Handler
 .text.DebugMon_Handler
                0x0800034c        0x2 CMakeFiles/FourRotorDrone.elf.dir/Core/Src/stm32f1xx_it.c.obj
                0x0800034c                DebugMon_Handler
 .text.PendSV_Handler
                0x0800034e        0x2 CMakeFiles/FourRotorDrone.elf.dir/Core/Src/stm32f1xx_it.c.obj
                0x0800034e                PendSV_Handler
 .text.SysTick_Handler
                0x08000350        0x8 CMakeFiles/FourRotorDrone.elf.dir/Core/Src/stm32f1xx_it.c.obj
                0x08000350                SysTick_Handler
 .text.SystemInit
                0x08000358        0x2 CMakeFiles/FourRotorDrone.elf.dir/Core/Src/system_stm32f1xx.c.obj
                0x08000358                SystemInit
 *fill*         0x0800035a        0x2 
 .text.HAL_TIM_PWM_MspInit
                0x0800035c       0x2c CMakeFiles/FourRotorDrone.elf.dir/Core/Src/tim.c.obj
                0x0800035c                HAL_TIM_PWM_MspInit
 .text.HAL_TIM_MspPostInit
                0x08000388       0x8c CMakeFiles/FourRotorDrone.elf.dir/Core/Src/tim.c.obj
                0x08000388                HAL_TIM_MspPostInit
 .text.MX_TIM1_Init
                0x08000414       0xdc CMakeFiles/FourRotorDrone.elf.dir/Core/Src/tim.c.obj
                0x08000414                MX_TIM1_Init
 .text.Reset_Handler
                0x080004f0       0x48 CMakeFiles/FourRotorDrone.elf.dir/Core/Startup/startup_stm32f103c8tx.s.obj
                0x080004f0                Reset_Handler
 .text.Default_Handler
                0x08000538        0x2 CMakeFiles/FourRotorDrone.elf.dir/Core/Startup/startup_stm32f103c8tx.s.obj
                0x08000538                RTC_Alarm_IRQHandler
                0x08000538                EXTI2_IRQHandler
                0x08000538                TIM1_CC_IRQHandler
                0x08000538                PVD_IRQHandler
                0x08000538                EXTI3_IRQHandler
                0x08000538                EXTI0_IRQHandler
                0x08000538                I2C2_EV_IRQHandler
                0x08000538                ADC1_2_IRQHandler
                0x08000538                SPI1_IRQHandler
                0x08000538                TAMPER_IRQHandler
                0x08000538                DMA1_Channel4_IRQHandler
                0x08000538                USART3_IRQHandler
                0x08000538                RTC_IRQHandler
                0x08000538                DMA1_Channel7_IRQHandler
                0x08000538                CAN1_RX1_IRQHandler
                0x08000538                TIM4_IRQHandler
                0x08000538                I2C1_EV_IRQHandler
                0x08000538                DMA1_Channel6_IRQHandler
                0x08000538                TIM3_IRQHandler
                0x08000538                RCC_IRQHandler
                0x08000538                TIM1_TRG_COM_IRQHandler
                0x08000538                DMA1_Channel1_IRQHandler
                0x08000538                Default_Handler
                0x08000538                EXTI15_10_IRQHandler
                0x08000538                EXTI9_5_IRQHandler
                0x08000538                SPI2_IRQHandler
                0x08000538                DMA1_Channel5_IRQHandler
                0x08000538                EXTI4_IRQHandler
                0x08000538                USB_LP_CAN1_RX0_IRQHandler
                0x08000538                USB_HP_CAN1_TX_IRQHandler
                0x08000538                DMA1_Channel3_IRQHandler
                0x08000538                TIM1_UP_IRQHandler
                0x08000538                WWDG_IRQHandler
                0x08000538                TIM2_IRQHandler
                0x08000538                TIM1_BRK_IRQHandler
                0x08000538                EXTI1_IRQHandler
                0x08000538                USART2_IRQHandler
                0x08000538                I2C2_ER_IRQHandler
                0x08000538                DMA1_Channel2_IRQHandler
                0x08000538                CAN1_SCE_IRQHandler
                0x08000538                FLASH_IRQHandler
                0x08000538                USART1_IRQHandler
                0x08000538                I2C1_ER_IRQHandler
                0x08000538                USBWakeUp_IRQHandler
 *fill*         0x0800053a        0x2 
 .text.HAL_InitTick
                0x0800053c       0x4c CMakeFiles/FourRotorDrone.elf.dir/Drivers/STM32F1xx_HAL_Driver/Src/stm32f1xx_hal.c.obj
                0x0800053c                HAL_InitTick
 .text.HAL_Init
                0x08000588       0x24 CMakeFiles/FourRotorDrone.elf.dir/Drivers/STM32F1xx_HAL_Driver/Src/stm32f1xx_hal.c.obj
                0x08000588                HAL_Init
 .text.HAL_IncTick
                0x080005ac       0x18 CMakeFiles/FourRotorDrone.elf.dir/Drivers/STM32F1xx_HAL_Driver/Src/stm32f1xx_hal.c.obj
                0x080005ac                HAL_IncTick
 .text.HAL_GetTick
                0x080005c4        0xc CMakeFiles/FourRotorDrone.elf.dir/Drivers/STM32F1xx_HAL_Driver/Src/stm32f1xx_hal.c.obj
                0x080005c4                HAL_GetTick
 .text.__NVIC_SetPriority
                0x080005d0       0x28 CMakeFiles/FourRotorDrone.elf.dir/Drivers/STM32F1xx_HAL_Driver/Src/stm32f1xx_hal_cortex.c.obj
 .text.NVIC_EncodePriority
                0x080005f8       0x3e CMakeFiles/FourRotorDrone.elf.dir/Drivers/STM32F1xx_HAL_Driver/Src/stm32f1xx_hal_cortex.c.obj
 *fill*         0x08000636        0x2 
 .text.HAL_NVIC_SetPriorityGrouping
                0x08000638       0x24 CMakeFiles/FourRotorDrone.elf.dir/Drivers/STM32F1xx_HAL_Driver/Src/stm32f1xx_hal_cortex.c.obj
                0x08000638                HAL_NVIC_SetPriorityGrouping
 .text.HAL_NVIC_SetPriority
                0x0800065c       0x20 CMakeFiles/FourRotorDrone.elf.dir/Drivers/STM32F1xx_HAL_Driver/Src/stm32f1xx_hal_cortex.c.obj
                0x0800065c                HAL_NVIC_SetPriority
 .text.HAL_SYSTICK_Config
                0x0800067c       0x28 CMakeFiles/FourRotorDrone.elf.dir/Drivers/STM32F1xx_HAL_Driver/Src/stm32f1xx_hal_cortex.c.obj
                0x0800067c                HAL_SYSTICK_Config
 .text.HAL_GPIO_Init
                0x080006a4      0x21c CMakeFiles/FourRotorDrone.elf.dir/Drivers/STM32F1xx_HAL_Driver/Src/stm32f1xx_hal_gpio.c.obj
                0x080006a4                HAL_GPIO_Init
 .text.HAL_PWR_EnableBkUpAccess
                0x080008c0        0xc CMakeFiles/FourRotorDrone.elf.dir/Drivers/STM32F1xx_HAL_Driver/Src/stm32f1xx_hal_pwr.c.obj
                0x080008c0                HAL_PWR_EnableBkUpAccess
 .text.RCC_Delay
                0x080008cc       0x2c CMakeFiles/FourRotorDrone.elf.dir/Drivers/STM32F1xx_HAL_Driver/Src/stm32f1xx_hal_rcc.c.obj
 .text.HAL_RCC_OscConfig
                0x080008f8      0x410 CMakeFiles/FourRotorDrone.elf.dir/Drivers/STM32F1xx_HAL_Driver/Src/stm32f1xx_hal_rcc.c.obj
                0x080008f8                HAL_RCC_OscConfig
 .text.HAL_RCC_GetSysClockFreq
                0x08000d08       0x54 CMakeFiles/FourRotorDrone.elf.dir/Drivers/STM32F1xx_HAL_Driver/Src/stm32f1xx_hal_rcc.c.obj
                0x08000d08                HAL_RCC_GetSysClockFreq
 .text.HAL_RCC_ClockConfig
                0x08000d5c      0x16c CMakeFiles/FourRotorDrone.elf.dir/Drivers/STM32F1xx_HAL_Driver/Src/stm32f1xx_hal_rcc.c.obj
                0x08000d5c                HAL_RCC_ClockConfig
 .text.HAL_RCC_GetHCLKFreq
                0x08000ec8        0xc CMakeFiles/FourRotorDrone.elf.dir/Drivers/STM32F1xx_HAL_Driver/Src/stm32f1xx_hal_rcc.c.obj
                0x08000ec8                HAL_RCC_GetHCLKFreq
 .text.HAL_RCC_GetPCLK2Freq
                0x08000ed4       0x20 CMakeFiles/FourRotorDrone.elf.dir/Drivers/STM32F1xx_HAL_Driver/Src/stm32f1xx_hal_rcc.c.obj
                0x08000ed4                HAL_RCC_GetPCLK2Freq
 .text.HAL_RCCEx_PeriphCLKConfig
                0x08000ef4      0x118 CMakeFiles/FourRotorDrone.elf.dir/Drivers/STM32F1xx_HAL_Driver/Src/stm32f1xx_hal_rcc_ex.c.obj
                0x08000ef4                HAL_RCCEx_PeriphCLKConfig
 .text.HAL_RCCEx_GetPeriphCLKFreq
                0x0800100c       0xd8 CMakeFiles/FourRotorDrone.elf.dir/Drivers/STM32F1xx_HAL_Driver/Src/stm32f1xx_hal_rcc_ex.c.obj
                0x0800100c                HAL_RCCEx_GetPeriphCLKFreq
 .text.RTC_EnterInitMode
                0x080010e4       0x30 CMakeFiles/FourRotorDrone.elf.dir/Drivers/STM32F1xx_HAL_Driver/Src/stm32f1xx_hal_rtc.c.obj
 .text.RTC_ExitInitMode
                0x08001114       0x32 CMakeFiles/FourRotorDrone.elf.dir/Drivers/STM32F1xx_HAL_Driver/Src/stm32f1xx_hal_rtc.c.obj
 .text.HAL_RTC_WaitForSynchro
                0x08001146       0x38 CMakeFiles/FourRotorDrone.elf.dir/Drivers/STM32F1xx_HAL_Driver/Src/stm32f1xx_hal_rtc.c.obj
                0x08001146                HAL_RTC_WaitForSynchro
 *fill*         0x0800117e        0x2 
 .text.HAL_RTC_Init
                0x08001180       0xb0 CMakeFiles/FourRotorDrone.elf.dir/Drivers/STM32F1xx_HAL_Driver/Src/stm32f1xx_hal_rtc.c.obj
                0x08001180                HAL_RTC_Init
 .text.TIM_OC1_SetConfig
                0x08001230       0x54 CMakeFiles/FourRotorDrone.elf.dir/Drivers/STM32F1xx_HAL_Driver/Src/stm32f1xx_hal_tim.c.obj
 .text.TIM_OC3_SetConfig
                0x08001284       0x5c CMakeFiles/FourRotorDrone.elf.dir/Drivers/STM32F1xx_HAL_Driver/Src/stm32f1xx_hal_tim.c.obj
 .text.TIM_OC4_SetConfig
                0x080012e0       0x48 CMakeFiles/FourRotorDrone.elf.dir/Drivers/STM32F1xx_HAL_Driver/Src/stm32f1xx_hal_tim.c.obj
 .text.TIM_Base_SetConfig
                0x08001328       0x84 CMakeFiles/FourRotorDrone.elf.dir/Drivers/STM32F1xx_HAL_Driver/Src/stm32f1xx_hal_tim.c.obj
                0x08001328                TIM_Base_SetConfig
 .text.HAL_TIM_PWM_Init
                0x080013ac       0x58 CMakeFiles/FourRotorDrone.elf.dir/Drivers/STM32F1xx_HAL_Driver/Src/stm32f1xx_hal_tim.c.obj
                0x080013ac                HAL_TIM_PWM_Init
 .text.TIM_OC2_SetConfig
                0x08001404       0x5c CMakeFiles/FourRotorDrone.elf.dir/Drivers/STM32F1xx_HAL_Driver/Src/stm32f1xx_hal_tim.c.obj
                0x08001404                TIM_OC2_SetConfig
 .text.HAL_TIM_PWM_ConfigChannel
                0x08001460       0xdc CMakeFiles/FourRotorDrone.elf.dir/Drivers/STM32F1xx_HAL_Driver/Src/stm32f1xx_hal_tim.c.obj
                0x08001460                HAL_TIM_PWM_ConfigChannel
 .text.HAL_TIMEx_MasterConfigSynchronization
                0x0800153c       0x6c CMakeFiles/FourRotorDrone.elf.dir/Drivers/STM32F1xx_HAL_Driver/Src/stm32f1xx_hal_tim_ex.c.obj
                0x0800153c                HAL_TIMEx_MasterConfigSynchronization
 .text.HAL_TIMEx_ConfigBreakDeadTime
                0x080015a8       0x52 CMakeFiles/FourRotorDrone.elf.dir/Drivers/STM32F1xx_HAL_Driver/Src/stm32f1xx_hal_tim_ex.c.obj
                0x080015a8                HAL_TIMEx_ConfigBreakDeadTime
 *fill*         0x080015fa        0x2 
 .text.memset   0x080015fc       0xa0 D:/MXtools/arm/13.3 rel1/bin/../lib/gcc/arm-none-eabi/13.3.1/thumb/v7-m/nofp\libg.a(libc_a-memset.o)
                0x080015fc                memset
 .text.__libc_init_array
                0x0800169c       0x50 D:/MXtools/arm/13.3 rel1/bin/../lib/gcc/arm-none-eabi/13.3.1/thumb/v7-m/nofp\libg.a(libc_a-init.o)
                0x0800169c                __libc_init_array
 .text.__retarget_lock_acquire_recursive
                0x080016ec        0x4 D:/MXtools/arm/13.3 rel1/bin/../lib/gcc/arm-none-eabi/13.3.1/thumb/v7-m/nofp\libg.a(libc_a-lock.o)
                0x080016ec                __retarget_lock_acquire_recursive
 .text.__retarget_lock_release_recursive
                0x080016f0        0x4 D:/MXtools/arm/13.3 rel1/bin/../lib/gcc/arm-none-eabi/13.3.1/thumb/v7-m/nofp\libg.a(libc_a-lock.o)
                0x080016f0                __retarget_lock_release_recursive
 .text.startup.register_fini
                0x080016f4       0x14 D:/MXtools/arm/13.3 rel1/bin/../lib/gcc/arm-none-eabi/13.3.1/thumb/v7-m/nofp\libg.a(libc_a-__call_atexit.o)
 .text.atexit   0x08001708        0xc D:/MXtools/arm/13.3 rel1/bin/../lib/gcc/arm-none-eabi/13.3.1/thumb/v7-m/nofp\libg.a(libc_a-atexit.o)
                0x08001708                atexit
 .text.__libc_fini_array
                0x08001714       0x28 D:/MXtools/arm/13.3 rel1/bin/../lib/gcc/arm-none-eabi/13.3.1/thumb/v7-m/nofp\libg.a(libc_a-fini.o)
                0x08001714                __libc_fini_array
 .text.__register_exitproc
                0x0800173c       0x80 D:/MXtools/arm/13.3 rel1/bin/../lib/gcc/arm-none-eabi/13.3.1/thumb/v7-m/nofp\libg.a(libc_a-__atexit.o)
                0x0800173c                __register_exitproc
 *(.glue_7)
 .glue_7        0x080017bc        0x0 linker stubs
 *(.glue_7t)
 .glue_7t       0x080017bc        0x0 linker stubs
 *(.eh_frame)
 .eh_frame      0x080017bc        0x0 D:/MXtools/arm/13.3 rel1/bin/../lib/gcc/arm-none-eabi/13.3.1/thumb/v7-m/nofp/crtbegin.o
 *(.init)
 .init          0x080017bc        0x4 D:/MXtools/arm/13.3 rel1/bin/../lib/gcc/arm-none-eabi/13.3.1/thumb/v7-m/nofp/crti.o
                0x080017bc                _init
 .init          0x080017c0        0x8 D:/MXtools/arm/13.3 rel1/bin/../lib/gcc/arm-none-eabi/13.3.1/thumb/v7-m/nofp/crtn.o
 *(.fini)
 .fini          0x080017c8        0x4 D:/MXtools/arm/13.3 rel1/bin/../lib/gcc/arm-none-eabi/13.3.1/thumb/v7-m/nofp/crti.o
                0x080017c8                _fini
 .fini          0x080017cc        0x8 D:/MXtools/arm/13.3 rel1/bin/../lib/gcc/arm-none-eabi/13.3.1/thumb/v7-m/nofp/crtn.o
                0x080017d4                        . = ALIGN (0x4)
                0x080017d4                        _etext = .

.vfp11_veneer   0x080017d4        0x0
 .vfp11_veneer  0x080017d4        0x0 linker stubs

.v4_bx          0x080017d4        0x0
 .v4_bx         0x080017d4        0x0 linker stubs

.iplt           0x080017d4        0x0
 .iplt          0x080017d4        0x0 D:/MXtools/arm/13.3 rel1/bin/../lib/gcc/arm-none-eabi/13.3.1/thumb/v7-m/nofp/crtbegin.o

.rodata         0x080017d4       0x40
                0x080017d4                        . = ALIGN (0x4)
 *(.rodata)
 *(.rodata*)
 .rodata.APBPrescTable
                0x080017d4        0x8 CMakeFiles/FourRotorDrone.elf.dir/Core/Src/system_stm32f1xx.c.obj
                0x080017d4                APBPrescTable
 .rodata.AHBPrescTable
                0x080017dc       0x10 CMakeFiles/FourRotorDrone.elf.dir/Core/Src/system_stm32f1xx.c.obj
                0x080017dc                AHBPrescTable
 .rodata.aPredivFactorTable.0
                0x080017ec        0x2 CMakeFiles/FourRotorDrone.elf.dir/Drivers/STM32F1xx_HAL_Driver/Src/stm32f1xx_hal_rcc.c.obj
 *fill*         0x080017ee        0x2 
 .rodata.aPLLMULFactorTable.1
                0x080017f0       0x10 CMakeFiles/FourRotorDrone.elf.dir/Drivers/STM32F1xx_HAL_Driver/Src/stm32f1xx_hal_rcc.c.obj
 .rodata.aPredivFactorTable.0
                0x08001800        0x2 CMakeFiles/FourRotorDrone.elf.dir/Drivers/STM32F1xx_HAL_Driver/Src/stm32f1xx_hal_rcc_ex.c.obj
 *fill*         0x08001802        0x2 
 .rodata.aPLLMULFactorTable.1
                0x08001804       0x10 CMakeFiles/FourRotorDrone.elf.dir/Drivers/STM32F1xx_HAL_Driver/Src/stm32f1xx_hal_rcc_ex.c.obj
                0x08001814                        . = ALIGN (0x4)

.ARM.extab      0x08001814        0x0
                0x08001814                        . = ALIGN (0x4)
 *(.ARM.extab* .gnu.linkonce.armextab.*)
                0x08001814                        . = ALIGN (0x4)

.ARM            0x08001814        0x0
                0x08001814                        . = ALIGN (0x4)
                0x08001814                        __exidx_start = .
 *(.ARM.exidx*)
                0x08001814                        __exidx_end = .
                0x08001814                        . = ALIGN (0x4)

.preinit_array  0x08001814        0x0
                0x08001814                        . = ALIGN (0x4)
                0x08001814                        PROVIDE (__preinit_array_start = .)
 *(.preinit_array*)
                0x08001814                        PROVIDE (__preinit_array_end = .)
                0x08001814                        . = ALIGN (0x4)

.init_array     0x08001814        0x8
                0x08001814                        . = ALIGN (0x4)
                0x08001814                        PROVIDE (__init_array_start = .)
 *(SORT_BY_NAME(.init_array.*))
 .init_array.00000
                0x08001814        0x4 D:/MXtools/arm/13.3 rel1/bin/../lib/gcc/arm-none-eabi/13.3.1/thumb/v7-m/nofp\libg.a(libc_a-__call_atexit.o)
 *(.init_array*)
 .init_array    0x08001818        0x4 D:/MXtools/arm/13.3 rel1/bin/../lib/gcc/arm-none-eabi/13.3.1/thumb/v7-m/nofp/crtbegin.o
                0x0800181c                        PROVIDE (__init_array_end = .)
                0x0800181c                        . = ALIGN (0x4)

.fini_array     0x0800181c        0x4
                0x0800181c                        . = ALIGN (0x4)
                0x0800181c                        PROVIDE (__fini_array_start = .)
 *(SORT_BY_NAME(.fini_array.*))
 *(.fini_array*)
 .fini_array    0x0800181c        0x4 D:/MXtools/arm/13.3 rel1/bin/../lib/gcc/arm-none-eabi/13.3.1/thumb/v7-m/nofp/crtbegin.o
                0x08001820                        PROVIDE (__fini_array_end = .)
                0x08001820                        . = ALIGN (0x4)
                0x08001820                        _sidata = LOADADDR (.data)

.rel.dyn        0x08001820        0x0
 .rel.iplt      0x08001820        0x0 D:/MXtools/arm/13.3 rel1/bin/../lib/gcc/arm-none-eabi/13.3.1/thumb/v7-m/nofp/crtbegin.o

.data           0x20000000       0x10 load address 0x08001820
                0x20000000                        . = ALIGN (0x4)
                0x20000000                        _sdata = .
 *(.data)
 *(.data*)
 .data.SystemCoreClock
                0x20000000        0x4 CMakeFiles/FourRotorDrone.elf.dir/Core/Src/system_stm32f1xx.c.obj
                0x20000000                SystemCoreClock
 .data.uwTickFreq
                0x20000004        0x1 CMakeFiles/FourRotorDrone.elf.dir/Drivers/STM32F1xx_HAL_Driver/Src/stm32f1xx_hal.c.obj
                0x20000004                uwTickFreq
 *fill*         0x20000005        0x3 
 .data.uwTickPrio
                0x20000008        0x4 CMakeFiles/FourRotorDrone.elf.dir/Drivers/STM32F1xx_HAL_Driver/Src/stm32f1xx_hal.c.obj
                0x20000008                uwTickPrio
 .data.__atexit_recursive_mutex
                0x2000000c        0x4 D:/MXtools/arm/13.3 rel1/bin/../lib/gcc/arm-none-eabi/13.3.1/thumb/v7-m/nofp\libg.a(libc_a-__call_atexit.o)
                0x2000000c                __atexit_recursive_mutex
 *(.RamFunc)
 *(.RamFunc*)
                0x20000010                        . = ALIGN (0x4)
                0x20000010                        _edata = .

.tm_clone_table
                0x20000010        0x0 load address 0x08001830
 .tm_clone_table
                0x20000010        0x0 D:/MXtools/arm/13.3 rel1/bin/../lib/gcc/arm-none-eabi/13.3.1/thumb/v7-m/nofp/crtbegin.o
 .tm_clone_table
                0x20000010        0x0 D:/MXtools/arm/13.3 rel1/bin/../lib/gcc/arm-none-eabi/13.3.1/thumb/v7-m/nofp/crtend.o

.igot.plt       0x20000010        0x0 load address 0x08001830
 .igot.plt      0x20000010        0x0 D:/MXtools/arm/13.3 rel1/bin/../lib/gcc/arm-none-eabi/13.3.1/thumb/v7-m/nofp/crtbegin.o
                0x20000010                        . = ALIGN (0x4)

.bss            0x20000010      0x214 load address 0x08001830
                0x20000010                        _sbss = .
                0x20000010                        __bss_start__ = _sbss
 *(.bss)
 *(.bss*)
 .bss.completed.1
                0x20000010        0x1 D:/MXtools/arm/13.3 rel1/bin/../lib/gcc/arm-none-eabi/13.3.1/thumb/v7-m/nofp/crtbegin.o
 *fill*         0x20000011        0x3 
 .bss.object.0  0x20000014       0x18 D:/MXtools/arm/13.3 rel1/bin/../lib/gcc/arm-none-eabi/13.3.1/thumb/v7-m/nofp/crtbegin.o
 .bss.hrtc      0x2000002c       0x14 CMakeFiles/FourRotorDrone.elf.dir/Core/Src/rtc.c.obj
                0x2000002c                hrtc
 .bss.htim1     0x20000040       0x48 CMakeFiles/FourRotorDrone.elf.dir/Core/Src/tim.c.obj
                0x20000040                htim1
 .bss.uwTick    0x20000088        0x4 CMakeFiles/FourRotorDrone.elf.dir/Drivers/STM32F1xx_HAL_Driver/Src/stm32f1xx_hal.c.obj
                0x20000088                uwTick
 .bss.__lock___atexit_recursive_mutex
                0x2000008c        0x1 D:/MXtools/arm/13.3 rel1/bin/../lib/gcc/arm-none-eabi/13.3.1/thumb/v7-m/nofp\libg.a(libc_a-lock.o)
                0x2000008c                __lock___atexit_recursive_mutex
 *fill*         0x2000008d        0x3 
 .bss.__atexit  0x20000090        0x4 D:/MXtools/arm/13.3 rel1/bin/../lib/gcc/arm-none-eabi/13.3.1/thumb/v7-m/nofp\libg.a(libc_a-__call_atexit.o)
                0x20000090                __atexit
 .bss.__atexit0
                0x20000094      0x190 D:/MXtools/arm/13.3 rel1/bin/../lib/gcc/arm-none-eabi/13.3.1/thumb/v7-m/nofp\libg.a(libc_a-__atexit.o)
                0x20000094                __atexit0
 *(COMMON)
                0x20000224                        . = ALIGN (0x4)
                0x20000224                        _ebss = .
                0x20000224                        __bss_end__ = _ebss

._user_heap_stack
                0x20000224      0x604 load address 0x08001830
                0x20000228                        . = ALIGN (0x8)
 *fill*         0x20000224        0x4 
                [!provide]                        PROVIDE (end = .)
                0x20000228                        PROVIDE (_end = .)
                0x20000428                        . = (. + _Min_Heap_Size)
 *fill*         0x20000228      0x200 
                0x20000828                        . = (. + _Min_Stack_Size)
 *fill*         0x20000428      0x400 
                0x20000828                        . = ALIGN (0x8)

/DISCARD/
 libc.a(*)
 libm.a(*)
 libgcc.a(*)

.ARM.attributes
                0x00000000       0x29
 *(.ARM.attributes)
 .ARM.attributes
                0x00000000       0x1d D:/MXtools/arm/13.3 rel1/bin/../lib/gcc/arm-none-eabi/13.3.1/thumb/v7-m/nofp/crti.o
 .ARM.attributes
                0x0000001d       0x2d D:/MXtools/arm/13.3 rel1/bin/../lib/gcc/arm-none-eabi/13.3.1/thumb/v7-m/nofp/crtbegin.o
 .ARM.attributes
                0x0000004a       0x2d CMakeFiles/FourRotorDrone.elf.dir/Core/Src/gpio.c.obj
 .ARM.attributes
                0x00000077       0x2d CMakeFiles/FourRotorDrone.elf.dir/Core/Src/main.c.obj
 .ARM.attributes
                0x000000a4       0x2d CMakeFiles/FourRotorDrone.elf.dir/Core/Src/rtc.c.obj
 .ARM.attributes
                0x000000d1       0x2d CMakeFiles/FourRotorDrone.elf.dir/Core/Src/stm32f1xx_hal_msp.c.obj
 .ARM.attributes
                0x000000fe       0x2d CMakeFiles/FourRotorDrone.elf.dir/Core/Src/stm32f1xx_it.c.obj
 .ARM.attributes
                0x0000012b       0x2d CMakeFiles/FourRotorDrone.elf.dir/Core/Src/system_stm32f1xx.c.obj
 .ARM.attributes
                0x00000158       0x2d CMakeFiles/FourRotorDrone.elf.dir/Core/Src/tim.c.obj
 .ARM.attributes
                0x00000185       0x21 CMakeFiles/FourRotorDrone.elf.dir/Core/Startup/startup_stm32f103c8tx.s.obj
 .ARM.attributes
                0x000001a6       0x2d CMakeFiles/FourRotorDrone.elf.dir/Drivers/STM32F1xx_HAL_Driver/Src/stm32f1xx_hal.c.obj
 .ARM.attributes
                0x000001d3       0x2d CMakeFiles/FourRotorDrone.elf.dir/Drivers/STM32F1xx_HAL_Driver/Src/stm32f1xx_hal_cortex.c.obj
 .ARM.attributes
                0x00000200       0x2d CMakeFiles/FourRotorDrone.elf.dir/Drivers/STM32F1xx_HAL_Driver/Src/stm32f1xx_hal_gpio.c.obj
 .ARM.attributes
                0x0000022d       0x2d CMakeFiles/FourRotorDrone.elf.dir/Drivers/STM32F1xx_HAL_Driver/Src/stm32f1xx_hal_pwr.c.obj
 .ARM.attributes
                0x0000025a       0x2d CMakeFiles/FourRotorDrone.elf.dir/Drivers/STM32F1xx_HAL_Driver/Src/stm32f1xx_hal_rcc.c.obj
 .ARM.attributes
                0x00000287       0x2d CMakeFiles/FourRotorDrone.elf.dir/Drivers/STM32F1xx_HAL_Driver/Src/stm32f1xx_hal_rcc_ex.c.obj
 .ARM.attributes
                0x000002b4       0x2d CMakeFiles/FourRotorDrone.elf.dir/Drivers/STM32F1xx_HAL_Driver/Src/stm32f1xx_hal_rtc.c.obj
 .ARM.attributes
                0x000002e1       0x2d CMakeFiles/FourRotorDrone.elf.dir/Drivers/STM32F1xx_HAL_Driver/Src/stm32f1xx_hal_tim.c.obj
 .ARM.attributes
                0x0000030e       0x2d CMakeFiles/FourRotorDrone.elf.dir/Drivers/STM32F1xx_HAL_Driver/Src/stm32f1xx_hal_tim_ex.c.obj
 .ARM.attributes
                0x0000033b       0x2d D:/MXtools/arm/13.3 rel1/bin/../lib/gcc/arm-none-eabi/13.3.1/thumb/v7-m/nofp\libg.a(libc_a-memset.o)
 .ARM.attributes
                0x00000368       0x2d D:/MXtools/arm/13.3 rel1/bin/../lib/gcc/arm-none-eabi/13.3.1/thumb/v7-m/nofp\libg.a(libc_a-init.o)
 .ARM.attributes
                0x00000395       0x2d D:/MXtools/arm/13.3 rel1/bin/../lib/gcc/arm-none-eabi/13.3.1/thumb/v7-m/nofp\libg.a(libc_a-lock.o)
 .ARM.attributes
                0x000003c2       0x2d D:/MXtools/arm/13.3 rel1/bin/../lib/gcc/arm-none-eabi/13.3.1/thumb/v7-m/nofp\libg.a(libc_a-__call_atexit.o)
 .ARM.attributes
                0x000003ef       0x2d D:/MXtools/arm/13.3 rel1/bin/../lib/gcc/arm-none-eabi/13.3.1/thumb/v7-m/nofp\libg.a(libc_a-atexit.o)
 .ARM.attributes
                0x0000041c       0x2d D:/MXtools/arm/13.3 rel1/bin/../lib/gcc/arm-none-eabi/13.3.1/thumb/v7-m/nofp\libg.a(libc_a-fini.o)
 .ARM.attributes
                0x00000449       0x2d D:/MXtools/arm/13.3 rel1/bin/../lib/gcc/arm-none-eabi/13.3.1/thumb/v7-m/nofp\libg.a(libc_a-__atexit.o)
 .ARM.attributes
                0x00000476       0x2d D:/MXtools/arm/13.3 rel1/bin/../lib/gcc/arm-none-eabi/13.3.1/thumb/v7-m/nofp/crtend.o
 .ARM.attributes
                0x000004a3       0x1d D:/MXtools/arm/13.3 rel1/bin/../lib/gcc/arm-none-eabi/13.3.1/thumb/v7-m/nofp/crtn.o
OUTPUT(FourRotorDrone.elf elf32-littlearm)
LOAD linker stubs
LOAD D:/MXtools/arm/13.3 rel1/bin/../lib/gcc/arm-none-eabi/13.3.1/thumb/v7-m/nofp\libc.a
LOAD D:/MXtools/arm/13.3 rel1/bin/../lib/gcc/arm-none-eabi/13.3.1/thumb/v7-m/nofp\libm.a
LOAD D:/MXtools/arm/13.3 rel1/bin/../lib/gcc/arm-none-eabi/13.3.1/thumb/v7-m/nofp\libgcc.a

.debug_info     0x00000000     0xb31d
 .debug_info    0x00000000      0x19b CMakeFiles/FourRotorDrone.elf.dir/Core/Src/gpio.c.obj
 .debug_info    0x0000019b      0x3c0 CMakeFiles/FourRotorDrone.elf.dir/Core/Src/main.c.obj
 .debug_info    0x0000055b      0x416 CMakeFiles/FourRotorDrone.elf.dir/Core/Src/rtc.c.obj
 .debug_info    0x00000971      0x1f4 CMakeFiles/FourRotorDrone.elf.dir/Core/Src/stm32f1xx_hal_msp.c.obj
 .debug_info    0x00000b65      0x11d CMakeFiles/FourRotorDrone.elf.dir/Core/Src/stm32f1xx_it.c.obj
 .debug_info    0x00000c82      0x22d CMakeFiles/FourRotorDrone.elf.dir/Core/Src/system_stm32f1xx.c.obj
 .debug_info    0x00000eaf      0xc65 CMakeFiles/FourRotorDrone.elf.dir/Core/Src/tim.c.obj
 .debug_info    0x00001b14       0x30 CMakeFiles/FourRotorDrone.elf.dir/Core/Startup/startup_stm32f103c8tx.s.obj
 .debug_info    0x00001b44      0x7a2 CMakeFiles/FourRotorDrone.elf.dir/Drivers/STM32F1xx_HAL_Driver/Src/stm32f1xx_hal.c.obj
 .debug_info    0x000022e6      0xcd9 CMakeFiles/FourRotorDrone.elf.dir/Drivers/STM32F1xx_HAL_Driver/Src/stm32f1xx_hal_cortex.c.obj
 .debug_info    0x00002fbf      0x604 CMakeFiles/FourRotorDrone.elf.dir/Drivers/STM32F1xx_HAL_Driver/Src/stm32f1xx_hal_gpio.c.obj
 .debug_info    0x000035c3      0x66f CMakeFiles/FourRotorDrone.elf.dir/Drivers/STM32F1xx_HAL_Driver/Src/stm32f1xx_hal_pwr.c.obj
 .debug_info    0x00003c32      0x9c7 CMakeFiles/FourRotorDrone.elf.dir/Drivers/STM32F1xx_HAL_Driver/Src/stm32f1xx_hal_rcc.c.obj
 .debug_info    0x000045f9      0x420 CMakeFiles/FourRotorDrone.elf.dir/Drivers/STM32F1xx_HAL_Driver/Src/stm32f1xx_hal_rcc_ex.c.obj
 .debug_info    0x00004a19     0x1249 CMakeFiles/FourRotorDrone.elf.dir/Drivers/STM32F1xx_HAL_Driver/Src/stm32f1xx_hal_rtc.c.obj
 .debug_info    0x00005c62     0x3c0f CMakeFiles/FourRotorDrone.elf.dir/Drivers/STM32F1xx_HAL_Driver/Src/stm32f1xx_hal_tim.c.obj
 .debug_info    0x00009871     0x1aac CMakeFiles/FourRotorDrone.elf.dir/Drivers/STM32F1xx_HAL_Driver/Src/stm32f1xx_hal_tim_ex.c.obj

.debug_abbrev   0x00000000     0x1e7c
 .debug_abbrev  0x00000000       0xc4 CMakeFiles/FourRotorDrone.elf.dir/Core/Src/gpio.c.obj
 .debug_abbrev  0x000000c4      0x1ae CMakeFiles/FourRotorDrone.elf.dir/Core/Src/main.c.obj
 .debug_abbrev  0x00000272      0x1cf CMakeFiles/FourRotorDrone.elf.dir/Core/Src/rtc.c.obj
 .debug_abbrev  0x00000441       0xed CMakeFiles/FourRotorDrone.elf.dir/Core/Src/stm32f1xx_hal_msp.c.obj
 .debug_abbrev  0x0000052e       0x7c CMakeFiles/FourRotorDrone.elf.dir/Core/Src/stm32f1xx_it.c.obj
 .debug_abbrev  0x000005aa      0x143 CMakeFiles/FourRotorDrone.elf.dir/Core/Src/system_stm32f1xx.c.obj
 .debug_abbrev  0x000006ed      0x266 CMakeFiles/FourRotorDrone.elf.dir/Core/Src/tim.c.obj
 .debug_abbrev  0x00000953       0x24 CMakeFiles/FourRotorDrone.elf.dir/Core/Startup/startup_stm32f103c8tx.s.obj
 .debug_abbrev  0x00000977      0x22d CMakeFiles/FourRotorDrone.elf.dir/Drivers/STM32F1xx_HAL_Driver/Src/stm32f1xx_hal.c.obj
 .debug_abbrev  0x00000ba4      0x36d CMakeFiles/FourRotorDrone.elf.dir/Drivers/STM32F1xx_HAL_Driver/Src/stm32f1xx_hal_cortex.c.obj
 .debug_abbrev  0x00000f11      0x1f7 CMakeFiles/FourRotorDrone.elf.dir/Drivers/STM32F1xx_HAL_Driver/Src/stm32f1xx_hal_gpio.c.obj
 .debug_abbrev  0x00001108      0x1e9 CMakeFiles/FourRotorDrone.elf.dir/Drivers/STM32F1xx_HAL_Driver/Src/stm32f1xx_hal_pwr.c.obj
 .debug_abbrev  0x000012f1      0x2a0 CMakeFiles/FourRotorDrone.elf.dir/Drivers/STM32F1xx_HAL_Driver/Src/stm32f1xx_hal_rcc.c.obj
 .debug_abbrev  0x00001591      0x1d8 CMakeFiles/FourRotorDrone.elf.dir/Drivers/STM32F1xx_HAL_Driver/Src/stm32f1xx_hal_rcc_ex.c.obj
 .debug_abbrev  0x00001769      0x235 CMakeFiles/FourRotorDrone.elf.dir/Drivers/STM32F1xx_HAL_Driver/Src/stm32f1xx_hal_rtc.c.obj
 .debug_abbrev  0x0000199e      0x270 CMakeFiles/FourRotorDrone.elf.dir/Drivers/STM32F1xx_HAL_Driver/Src/stm32f1xx_hal_tim.c.obj
 .debug_abbrev  0x00001c0e      0x26e CMakeFiles/FourRotorDrone.elf.dir/Drivers/STM32F1xx_HAL_Driver/Src/stm32f1xx_hal_tim_ex.c.obj

.debug_aranges  0x00000000      0xb18
 .debug_aranges
                0x00000000       0x20 CMakeFiles/FourRotorDrone.elf.dir/Core/Src/gpio.c.obj
 .debug_aranges
                0x00000020       0x30 CMakeFiles/FourRotorDrone.elf.dir/Core/Src/main.c.obj
 .debug_aranges
                0x00000050       0x30 CMakeFiles/FourRotorDrone.elf.dir/Core/Src/rtc.c.obj
 .debug_aranges
                0x00000080       0x20 CMakeFiles/FourRotorDrone.elf.dir/Core/Src/stm32f1xx_hal_msp.c.obj
 .debug_aranges
                0x000000a0       0x60 CMakeFiles/FourRotorDrone.elf.dir/Core/Src/stm32f1xx_it.c.obj
 .debug_aranges
                0x00000100       0x28 CMakeFiles/FourRotorDrone.elf.dir/Core/Src/system_stm32f1xx.c.obj
 .debug_aranges
                0x00000128       0x38 CMakeFiles/FourRotorDrone.elf.dir/Core/Src/tim.c.obj
 .debug_aranges
                0x00000160       0x28 CMakeFiles/FourRotorDrone.elf.dir/Core/Startup/startup_stm32f103c8tx.s.obj
 .debug_aranges
                0x00000188       0xe0 CMakeFiles/FourRotorDrone.elf.dir/Drivers/STM32F1xx_HAL_Driver/Src/stm32f1xx_hal.c.obj
 .debug_aranges
                0x00000268       0xc0 CMakeFiles/FourRotorDrone.elf.dir/Drivers/STM32F1xx_HAL_Driver/Src/stm32f1xx_hal_cortex.c.obj
 .debug_aranges
                0x00000328       0x58 CMakeFiles/FourRotorDrone.elf.dir/Drivers/STM32F1xx_HAL_Driver/Src/stm32f1xx_hal_gpio.c.obj
 .debug_aranges
                0x00000380       0xa8 CMakeFiles/FourRotorDrone.elf.dir/Drivers/STM32F1xx_HAL_Driver/Src/stm32f1xx_hal_pwr.c.obj
 .debug_aranges
                0x00000428       0x90 CMakeFiles/FourRotorDrone.elf.dir/Drivers/STM32F1xx_HAL_Driver/Src/stm32f1xx_hal_rcc.c.obj
 .debug_aranges
                0x000004b8       0x30 CMakeFiles/FourRotorDrone.elf.dir/Drivers/STM32F1xx_HAL_Driver/Src/stm32f1xx_hal_rcc_ex.c.obj
 .debug_aranges
                0x000004e8       0xf8 CMakeFiles/FourRotorDrone.elf.dir/Drivers/STM32F1xx_HAL_Driver/Src/stm32f1xx_hal_rtc.c.obj
 .debug_aranges
                0x000005e0      0x3d0 CMakeFiles/FourRotorDrone.elf.dir/Drivers/STM32F1xx_HAL_Driver/Src/stm32f1xx_hal_tim.c.obj
 .debug_aranges
                0x000009b0      0x168 CMakeFiles/FourRotorDrone.elf.dir/Drivers/STM32F1xx_HAL_Driver/Src/stm32f1xx_hal_tim_ex.c.obj

.debug_rnglists
                0x00000000      0x86c
 .debug_rnglists
                0x00000000       0x13 CMakeFiles/FourRotorDrone.elf.dir/Core/Src/gpio.c.obj
 .debug_rnglists
                0x00000013       0x20 CMakeFiles/FourRotorDrone.elf.dir/Core/Src/main.c.obj
 .debug_rnglists
                0x00000033       0x1f CMakeFiles/FourRotorDrone.elf.dir/Core/Src/rtc.c.obj
 .debug_rnglists
                0x00000052       0x13 CMakeFiles/FourRotorDrone.elf.dir/Core/Src/stm32f1xx_hal_msp.c.obj
 .debug_rnglists
                0x00000065       0x43 CMakeFiles/FourRotorDrone.elf.dir/Core/Src/stm32f1xx_it.c.obj
 .debug_rnglists
                0x000000a8       0x1a CMakeFiles/FourRotorDrone.elf.dir/Core/Src/system_stm32f1xx.c.obj
 .debug_rnglists
                0x000000c2       0x27 CMakeFiles/FourRotorDrone.elf.dir/Core/Src/tim.c.obj
 .debug_rnglists
                0x000000e9       0x19 CMakeFiles/FourRotorDrone.elf.dir/Core/Startup/startup_stm32f103c8tx.s.obj
 .debug_rnglists
                0x00000102       0xa3 CMakeFiles/FourRotorDrone.elf.dir/Drivers/STM32F1xx_HAL_Driver/Src/stm32f1xx_hal.c.obj
 .debug_rnglists
                0x000001a5       0x8b CMakeFiles/FourRotorDrone.elf.dir/Drivers/STM32F1xx_HAL_Driver/Src/stm32f1xx_hal_cortex.c.obj
 .debug_rnglists
                0x00000230       0x3f CMakeFiles/FourRotorDrone.elf.dir/Drivers/STM32F1xx_HAL_Driver/Src/stm32f1xx_hal_gpio.c.obj
 .debug_rnglists
                0x0000026f       0x7a CMakeFiles/FourRotorDrone.elf.dir/Drivers/STM32F1xx_HAL_Driver/Src/stm32f1xx_hal_pwr.c.obj
 .debug_rnglists
                0x000002e9       0x7d CMakeFiles/FourRotorDrone.elf.dir/Drivers/STM32F1xx_HAL_Driver/Src/stm32f1xx_hal_rcc.c.obj
 .debug_rnglists
                0x00000366       0x2f CMakeFiles/FourRotorDrone.elf.dir/Drivers/STM32F1xx_HAL_Driver/Src/stm32f1xx_hal_rcc_ex.c.obj
 .debug_rnglists
                0x00000395       0xbe CMakeFiles/FourRotorDrone.elf.dir/Drivers/STM32F1xx_HAL_Driver/Src/stm32f1xx_hal_rtc.c.obj
 .debug_rnglists
                0x00000453      0x2ff CMakeFiles/FourRotorDrone.elf.dir/Drivers/STM32F1xx_HAL_Driver/Src/stm32f1xx_hal_tim.c.obj
 .debug_rnglists
                0x00000752      0x11a CMakeFiles/FourRotorDrone.elf.dir/Drivers/STM32F1xx_HAL_Driver/Src/stm32f1xx_hal_tim_ex.c.obj

.debug_line     0x00000000     0xabd0
 .debug_line    0x00000000      0x171 CMakeFiles/FourRotorDrone.elf.dir/Core/Src/gpio.c.obj
 .debug_line    0x00000171      0x343 CMakeFiles/FourRotorDrone.elf.dir/Core/Src/main.c.obj
 .debug_line    0x000004b4      0x2ba CMakeFiles/FourRotorDrone.elf.dir/Core/Src/rtc.c.obj
 .debug_line    0x0000076e      0x178 CMakeFiles/FourRotorDrone.elf.dir/Core/Src/stm32f1xx_hal_msp.c.obj
 .debug_line    0x000008e6      0x189 CMakeFiles/FourRotorDrone.elf.dir/Core/Src/stm32f1xx_it.c.obj
 .debug_line    0x00000a6f      0x241 CMakeFiles/FourRotorDrone.elf.dir/Core/Src/system_stm32f1xx.c.obj
 .debug_line    0x00000cb0      0x47f CMakeFiles/FourRotorDrone.elf.dir/Core/Src/tim.c.obj
 .debug_line    0x0000112f       0x78 CMakeFiles/FourRotorDrone.elf.dir/Core/Startup/startup_stm32f103c8tx.s.obj
 .debug_line    0x000011a7      0x576 CMakeFiles/FourRotorDrone.elf.dir/Drivers/STM32F1xx_HAL_Driver/Src/stm32f1xx_hal.c.obj
 .debug_line    0x0000171d      0x6c9 CMakeFiles/FourRotorDrone.elf.dir/Drivers/STM32F1xx_HAL_Driver/Src/stm32f1xx_hal_cortex.c.obj
 .debug_line    0x00001de6      0x5f2 CMakeFiles/FourRotorDrone.elf.dir/Drivers/STM32F1xx_HAL_Driver/Src/stm32f1xx_hal_gpio.c.obj
 .debug_line    0x000023d8      0x4b8 CMakeFiles/FourRotorDrone.elf.dir/Drivers/STM32F1xx_HAL_Driver/Src/stm32f1xx_hal_pwr.c.obj
 .debug_line    0x00002890      0xccc CMakeFiles/FourRotorDrone.elf.dir/Drivers/STM32F1xx_HAL_Driver/Src/stm32f1xx_hal_rcc.c.obj
 .debug_line    0x0000355c      0x4cc CMakeFiles/FourRotorDrone.elf.dir/Drivers/STM32F1xx_HAL_Driver/Src/stm32f1xx_hal_rcc_ex.c.obj
 .debug_line    0x00003a28     0x1189 CMakeFiles/FourRotorDrone.elf.dir/Drivers/STM32F1xx_HAL_Driver/Src/stm32f1xx_hal_rtc.c.obj
 .debug_line    0x00004bb1     0x4611 CMakeFiles/FourRotorDrone.elf.dir/Drivers/STM32F1xx_HAL_Driver/Src/stm32f1xx_hal_tim.c.obj
 .debug_line    0x000091c2     0x1a0e CMakeFiles/FourRotorDrone.elf.dir/Drivers/STM32F1xx_HAL_Driver/Src/stm32f1xx_hal_tim_ex.c.obj

.debug_str      0x00000000     0x365e
 .debug_str     0x00000000     0x365e CMakeFiles/FourRotorDrone.elf.dir/Core/Src/gpio.c.obj
                                0x21f (size before relaxing)
 .debug_str     0x0000365e      0x441 CMakeFiles/FourRotorDrone.elf.dir/Core/Src/main.c.obj
 .debug_str     0x0000365e      0x434 CMakeFiles/FourRotorDrone.elf.dir/Core/Src/rtc.c.obj
 .debug_str     0x0000365e      0x259 CMakeFiles/FourRotorDrone.elf.dir/Core/Src/stm32f1xx_hal_msp.c.obj
 .debug_str     0x0000365e      0x25c CMakeFiles/FourRotorDrone.elf.dir/Core/Src/stm32f1xx_it.c.obj
 .debug_str     0x0000365e      0x28e CMakeFiles/FourRotorDrone.elf.dir/Core/Src/system_stm32f1xx.c.obj
 .debug_str     0x0000365e      0x9da CMakeFiles/FourRotorDrone.elf.dir/Core/Src/tim.c.obj
 .debug_str     0x0000365e       0x9f CMakeFiles/FourRotorDrone.elf.dir/Core/Startup/startup_stm32f103c8tx.s.obj
 .debug_str     0x0000365e      0x868 CMakeFiles/FourRotorDrone.elf.dir/Drivers/STM32F1xx_HAL_Driver/Src/stm32f1xx_hal.c.obj
 .debug_str     0x0000365e      0x90d CMakeFiles/FourRotorDrone.elf.dir/Drivers/STM32F1xx_HAL_Driver/Src/stm32f1xx_hal_cortex.c.obj
 .debug_str     0x0000365e      0x43a CMakeFiles/FourRotorDrone.elf.dir/Drivers/STM32F1xx_HAL_Driver/Src/stm32f1xx_hal_gpio.c.obj
 .debug_str     0x0000365e      0x4d5 CMakeFiles/FourRotorDrone.elf.dir/Drivers/STM32F1xx_HAL_Driver/Src/stm32f1xx_hal_pwr.c.obj
 .debug_str     0x0000365e      0x665 CMakeFiles/FourRotorDrone.elf.dir/Drivers/STM32F1xx_HAL_Driver/Src/stm32f1xx_hal_rcc.c.obj
 .debug_str     0x0000365e      0x40d CMakeFiles/FourRotorDrone.elf.dir/Drivers/STM32F1xx_HAL_Driver/Src/stm32f1xx_hal_rcc_ex.c.obj
 .debug_str     0x0000365e      0x749 CMakeFiles/FourRotorDrone.elf.dir/Drivers/STM32F1xx_HAL_Driver/Src/stm32f1xx_hal_rtc.c.obj
 .debug_str     0x0000365e     0x16bf CMakeFiles/FourRotorDrone.elf.dir/Drivers/STM32F1xx_HAL_Driver/Src/stm32f1xx_hal_tim.c.obj
 .debug_str     0x0000365e      0xecb CMakeFiles/FourRotorDrone.elf.dir/Drivers/STM32F1xx_HAL_Driver/Src/stm32f1xx_hal_tim_ex.c.obj

.comment        0x00000000       0x45
 .comment       0x00000000       0x45 CMakeFiles/FourRotorDrone.elf.dir/Core/Src/gpio.c.obj
                                 0x46 (size before relaxing)
 .comment       0x00000045       0x46 CMakeFiles/FourRotorDrone.elf.dir/Core/Src/main.c.obj
 .comment       0x00000045       0x46 CMakeFiles/FourRotorDrone.elf.dir/Core/Src/rtc.c.obj
 .comment       0x00000045       0x46 CMakeFiles/FourRotorDrone.elf.dir/Core/Src/stm32f1xx_hal_msp.c.obj
 .comment       0x00000045       0x46 CMakeFiles/FourRotorDrone.elf.dir/Core/Src/stm32f1xx_it.c.obj
 .comment       0x00000045       0x46 CMakeFiles/FourRotorDrone.elf.dir/Core/Src/system_stm32f1xx.c.obj
 .comment       0x00000045       0x46 CMakeFiles/FourRotorDrone.elf.dir/Core/Src/tim.c.obj
 .comment       0x00000045       0x46 CMakeFiles/FourRotorDrone.elf.dir/Drivers/STM32F1xx_HAL_Driver/Src/stm32f1xx_hal.c.obj
 .comment       0x00000045       0x46 CMakeFiles/FourRotorDrone.elf.dir/Drivers/STM32F1xx_HAL_Driver/Src/stm32f1xx_hal_cortex.c.obj
 .comment       0x00000045       0x46 CMakeFiles/FourRotorDrone.elf.dir/Drivers/STM32F1xx_HAL_Driver/Src/stm32f1xx_hal_gpio.c.obj
 .comment       0x00000045       0x46 CMakeFiles/FourRotorDrone.elf.dir/Drivers/STM32F1xx_HAL_Driver/Src/stm32f1xx_hal_pwr.c.obj
 .comment       0x00000045       0x46 CMakeFiles/FourRotorDrone.elf.dir/Drivers/STM32F1xx_HAL_Driver/Src/stm32f1xx_hal_rcc.c.obj
 .comment       0x00000045       0x46 CMakeFiles/FourRotorDrone.elf.dir/Drivers/STM32F1xx_HAL_Driver/Src/stm32f1xx_hal_rcc_ex.c.obj
 .comment       0x00000045       0x46 CMakeFiles/FourRotorDrone.elf.dir/Drivers/STM32F1xx_HAL_Driver/Src/stm32f1xx_hal_rtc.c.obj
 .comment       0x00000045       0x46 CMakeFiles/FourRotorDrone.elf.dir/Drivers/STM32F1xx_HAL_Driver/Src/stm32f1xx_hal_tim.c.obj
 .comment       0x00000045       0x46 CMakeFiles/FourRotorDrone.elf.dir/Drivers/STM32F1xx_HAL_Driver/Src/stm32f1xx_hal_tim_ex.c.obj

.debug_frame    0x00000000     0x1e1c
 .debug_frame   0x00000000       0x28 CMakeFiles/FourRotorDrone.elf.dir/Core/Src/gpio.c.obj
 .debug_frame   0x00000028       0x58 CMakeFiles/FourRotorDrone.elf.dir/Core/Src/main.c.obj
 .debug_frame   0x00000080       0x54 CMakeFiles/FourRotorDrone.elf.dir/Core/Src/rtc.c.obj
 .debug_frame   0x000000d4       0x28 CMakeFiles/FourRotorDrone.elf.dir/Core/Src/stm32f1xx_hal_msp.c.obj
 .debug_frame   0x000000fc       0xa8 CMakeFiles/FourRotorDrone.elf.dir/Core/Src/stm32f1xx_it.c.obj
 .debug_frame   0x000001a4       0x30 CMakeFiles/FourRotorDrone.elf.dir/Core/Src/system_stm32f1xx.c.obj
 .debug_frame   0x000001d4       0x7c CMakeFiles/FourRotorDrone.elf.dir/Core/Src/tim.c.obj
 .debug_frame   0x00000250      0x1cc CMakeFiles/FourRotorDrone.elf.dir/Drivers/STM32F1xx_HAL_Driver/Src/stm32f1xx_hal.c.obj
 .debug_frame   0x0000041c      0x19c CMakeFiles/FourRotorDrone.elf.dir/Drivers/STM32F1xx_HAL_Driver/Src/stm32f1xx_hal_cortex.c.obj
 .debug_frame   0x000005b8       0xe4 CMakeFiles/FourRotorDrone.elf.dir/Drivers/STM32F1xx_HAL_Driver/Src/stm32f1xx_hal_gpio.c.obj
 .debug_frame   0x0000069c      0x140 CMakeFiles/FourRotorDrone.elf.dir/Drivers/STM32F1xx_HAL_Driver/Src/stm32f1xx_hal_pwr.c.obj
 .debug_frame   0x000007dc      0x184 CMakeFiles/FourRotorDrone.elf.dir/Drivers/STM32F1xx_HAL_Driver/Src/stm32f1xx_hal_rcc.c.obj
 .debug_frame   0x00000960       0x5c CMakeFiles/FourRotorDrone.elf.dir/Drivers/STM32F1xx_HAL_Driver/Src/stm32f1xx_hal_rcc_ex.c.obj
 .debug_frame   0x000009bc      0x344 CMakeFiles/FourRotorDrone.elf.dir/Drivers/STM32F1xx_HAL_Driver/Src/stm32f1xx_hal_rtc.c.obj
 .debug_frame   0x00000d00      0xb18 CMakeFiles/FourRotorDrone.elf.dir/Drivers/STM32F1xx_HAL_Driver/Src/stm32f1xx_hal_tim.c.obj
 .debug_frame   0x00001818      0x418 CMakeFiles/FourRotorDrone.elf.dir/Drivers/STM32F1xx_HAL_Driver/Src/stm32f1xx_hal_tim_ex.c.obj
 .debug_frame   0x00001c30       0x2c D:/MXtools/arm/13.3 rel1/bin/../lib/gcc/arm-none-eabi/13.3.1/thumb/v7-m/nofp\libg.a(libc_a-memset.o)
 .debug_frame   0x00001c5c       0x2c D:/MXtools/arm/13.3 rel1/bin/../lib/gcc/arm-none-eabi/13.3.1/thumb/v7-m/nofp\libg.a(libc_a-init.o)
 .debug_frame   0x00001c88       0xb0 D:/MXtools/arm/13.3 rel1/bin/../lib/gcc/arm-none-eabi/13.3.1/thumb/v7-m/nofp\libg.a(libc_a-lock.o)
 .debug_frame   0x00001d38       0x5c D:/MXtools/arm/13.3 rel1/bin/../lib/gcc/arm-none-eabi/13.3.1/thumb/v7-m/nofp\libg.a(libc_a-__call_atexit.o)
 .debug_frame   0x00001d94       0x20 D:/MXtools/arm/13.3 rel1/bin/../lib/gcc/arm-none-eabi/13.3.1/thumb/v7-m/nofp\libg.a(libc_a-atexit.o)
 .debug_frame   0x00001db4       0x34 D:/MXtools/arm/13.3 rel1/bin/../lib/gcc/arm-none-eabi/13.3.1/thumb/v7-m/nofp\libg.a(libc_a-fini.o)
 .debug_frame   0x00001de8       0x34 D:/MXtools/arm/13.3 rel1/bin/../lib/gcc/arm-none-eabi/13.3.1/thumb/v7-m/nofp\libg.a(libc_a-__atexit.o)

.debug_loclists
                0x00000000     0x6ddf
 .debug_loclists
                0x00000000       0x29 CMakeFiles/FourRotorDrone.elf.dir/Core/Src/rtc.c.obj
 .debug_loclists
                0x00000029       0x17 CMakeFiles/FourRotorDrone.elf.dir/Core/Src/stm32f1xx_hal_msp.c.obj
 .debug_loclists
                0x00000040       0xb7 CMakeFiles/FourRotorDrone.elf.dir/Core/Src/system_stm32f1xx.c.obj
 .debug_loclists
                0x000000f7       0x62 CMakeFiles/FourRotorDrone.elf.dir/Core/Src/tim.c.obj
 .debug_loclists
                0x00000159       0xe1 CMakeFiles/FourRotorDrone.elf.dir/Drivers/STM32F1xx_HAL_Driver/Src/stm32f1xx_hal.c.obj
 .debug_loclists
                0x0000023a      0x530 CMakeFiles/FourRotorDrone.elf.dir/Drivers/STM32F1xx_HAL_Driver/Src/stm32f1xx_hal_cortex.c.obj
 .debug_loclists
                0x0000076a      0x318 CMakeFiles/FourRotorDrone.elf.dir/Drivers/STM32F1xx_HAL_Driver/Src/stm32f1xx_hal_gpio.c.obj
 .debug_loclists
                0x00000a82      0x100 CMakeFiles/FourRotorDrone.elf.dir/Drivers/STM32F1xx_HAL_Driver/Src/stm32f1xx_hal_pwr.c.obj
 .debug_loclists
                0x00000b82      0x42e CMakeFiles/FourRotorDrone.elf.dir/Drivers/STM32F1xx_HAL_Driver/Src/stm32f1xx_hal_rcc.c.obj
 .debug_loclists
                0x00000fb0      0x2eb CMakeFiles/FourRotorDrone.elf.dir/Drivers/STM32F1xx_HAL_Driver/Src/stm32f1xx_hal_rcc_ex.c.obj
 .debug_loclists
                0x0000129b      0xfd1 CMakeFiles/FourRotorDrone.elf.dir/Drivers/STM32F1xx_HAL_Driver/Src/stm32f1xx_hal_rtc.c.obj
 .debug_loclists
                0x0000226c     0x37db CMakeFiles/FourRotorDrone.elf.dir/Drivers/STM32F1xx_HAL_Driver/Src/stm32f1xx_hal_tim.c.obj
 .debug_loclists
                0x00005a47     0x1398 CMakeFiles/FourRotorDrone.elf.dir/Drivers/STM32F1xx_HAL_Driver/Src/stm32f1xx_hal_tim_ex.c.obj

.debug_line_str
                0x00000000       0x83
 .debug_line_str
                0x00000000       0x83 CMakeFiles/FourRotorDrone.elf.dir/Core/Startup/startup_stm32f103c8tx.s.obj
